INFO:     Started server process [33472]
INFO:     Waiting for application startup.
2026-09-26 19:13:04,348 | INFO     | parcel_box | Starting Smart IoT Parcel Box (development)
2026-09-26 19:13:04,374 | DEBUG    | aiomysql | caching sha2: succeeded by fast path.
2026-09-26 19:13:04,376 INFO sqlalchemy.engine.Engine SELECT DATABASE()
2026-09-26 19:13:04,376 | INFO     | sqlalchemy.engine.Engine | SELECT DATABASE()
2026-09-26 19:13:04,376 INFO sqlalchemy.engine.Engine [raw sql] ()
2026-09-26 19:13:04,376 | INFO     | sqlalchemy.engine.Engine | [raw sql] ()
2026-09-26 19:13:04,377 INFO sqlalchemy.engine.Engine SELECT @@sql_mode
2026-09-26 19:13:04,377 | INFO     | sqlalchemy.engine.Engine | SELECT @@sql_mode
2026-09-26 19:13:04,377 INFO sqlalchemy.engine.Engine [raw sql] ()
2026-09-26 19:13:04,377 | INFO     | sqlalchemy.engine.Engine | [raw sql] ()
2026-09-26 19:13:04,378 INFO sqlalchemy.engine.Engine SELECT @@lower_case_table_names
2026-09-26 19:13:04,378 | INFO     | sqlalchemy.engine.Engine | SELECT @@lower_case_table_names
2026-09-26 19:13:04,378 INFO sqlalchemy.engine.Engine [raw sql] ()
2026-09-26 19:13:04,378 | INFO     | sqlalchemy.engine.Engine | [raw sql] ()
2026-09-26 19:13:04,378 INFO sqlalchemy.engine.Engine BEGIN (implicit)
2026-09-26 19:13:04,378 | INFO     | sqlalchemy.engine.Engine | BEGIN (implicit)
2026-09-26 19:13:04,379 INFO sqlalchemy.engine.Engine DESCRIBE `parcel_box`.`parcels_whitelist`
2026-09-26 19:13:04,379 | INFO     | sqlalchemy.engine.Engine | DESCRIBE `parcel_box`.`parcels_whitelist`
2026-09-26 19:13:04,379 INFO sqlalchemy.engine.Engine [raw sql] ()
2026-09-26 19:13:04,379 | INFO     | sqlalchemy.engine.Engine | [raw sql] ()
2026-09-26 19:13:04,380 INFO sqlalchemy.engine.Engine DESCRIBE `parcel_box`.`access_logs`
2026-09-26 19:13:04,380 | INFO     | sqlalchemy.engine.Engine | DESCRIBE `parcel_box`.`access_logs`
2026-09-26 19:13:04,380 INFO sqlalchemy.engine.Engine [raw sql] ()
2026-09-26 19:13:04,380 | INFO     | sqlalchemy.engine.Engine | [raw sql] ()
2026-09-26 19:13:04,381 INFO sqlalchemy.engine.Engine COMMIT
2026-09-26 19:13:04,381 | INFO     | sqlalchemy.engine.Engine | COMMIT
2026-09-26 19:13:04,382 | INFO     | parcel_box.mqtt | MQTT bridge task started
2026-09-26 19:13:04,382 | INFO     | parcel_box | Startup complete
INFO:     Application startup complete.
INFO:     Uvicorn running on http://0.0.0.0:8000 (Press CTRL+C to quit)
2026-09-26 19:13:04,407 | INFO     | parcel_box.mqtt | MQTT connected to localhost:1883, subscribed to parcelbox/+/status / parcelbox/+/event
INFO:     ('127.0.0.1', 57562) - "WebSocket /ws/dashboard" [accepted]
2026-09-26 19:13:05,216 | INFO     | parcel_box.ws | Dashboard client connected (total=1)
INFO:     connection open
INFO:     127.0.0.1:59216 - "GET /dashboard HTTP/1.1" 200 OK
2026-09-26 19:13:19,148 | INFO     | parcel_box.ws | Dashboard client disconnected (total=0)
INFO:     connection closed
INFO:     ('127.0.0.1', 56447) - "WebSocket /ws/dashboard" [accepted]
2026-09-26 19:13:19,193 | INFO     | parcel_box.ws | Dashboard client connected (total=1)
INFO:     connection open
2026-09-26 19:13:19,196 INFO sqlalchemy.engine.Engine BEGIN (implicit)
2026-09-26 19:13:19,196 | INFO     | sqlalchemy.engine.Engine | BEGIN (implicit)
2026-09-26 19:13:19,202 INFO sqlalchemy.engine.Engine SELECT access_logs.id, access_logs.device_id, access_logs.event_type, access_logs.result, access_logs.qr_code_scanned, access_logs.whitelist_id, access_logs.image_path, access_logs.notes, access_logs.created_at 
FROM access_logs ORDER BY access_logs.created_at DESC 
 LIMIT %s
2026-09-26 19:13:19,202 | INFO     | sqlalchemy.engine.Engine | SELECT access_logs.id, access_logs.device_id, access_logs.event_type, access_logs.result, access_logs.qr_code_scanned, access_logs.whitelist_id, access_logs.image_path, access_logs.notes, access_logs.created_at 
FROM access_logs ORDER BY access_logs.created_at DESC 
 LIMIT %s
2026-09-26 19:13:19,202 INFO sqlalchemy.engine.Engine [generated in 0.00035s] (50,)
2026-09-26 19:13:19,202 | INFO     | sqlalchemy.engine.Engine | [generated in 0.00035s] (50,)
2026-09-26 19:13:19,204 INFO sqlalchemy.engine.Engine ROLLBACK
2026-09-26 19:13:19,204 | INFO     | sqlalchemy.engine.Engine | ROLLBACK
INFO:     127.0.0.1:59216 - "GET /api/hardware/logs?limit=50 HTTP/1.1" 200 OK
INFO:     ('127.0.0.1', 51756) - "WebSocket /ws/dashboard" [accepted]
2026-09-26 19:13:21,694 | INFO     | parcel_box.ws | Dashboard client connected (total=2)
2026-09-26 19:13:21,694 | INFO     | parcel_box.ws | Dashboard client disconnected (total=1)
INFO:     connection closed
INFO:     connection open
2026-09-26 19:13:21,697 INFO sqlalchemy.engine.Engine BEGIN (implicit)
2026-09-26 19:13:21,697 | INFO     | sqlalchemy.engine.Engine | BEGIN (implicit)
2026-09-26 19:13:21,697 INFO sqlalchemy.engine.Engine SELECT access_logs.id, access_logs.device_id, access_logs.event_type, access_logs.result, access_logs.qr_code_scanned, access_logs.whitelist_id, access_logs.image_path, access_logs.notes, access_logs.created_at 
FROM access_logs ORDER BY access_logs.created_at DESC 
 LIMIT %s
2026-09-26 19:13:21,697 | INFO     | sqlalchemy.engine.Engine | SELECT access_logs.id, access_logs.device_id, access_logs.event_type, access_logs.result, access_logs.qr_code_scanned, access_logs.whitelist_id, access_logs.image_path, access_logs.notes, access_logs.created_at 
FROM access_logs ORDER BY access_logs.created_at DESC 
 LIMIT %s
2026-09-26 19:13:21,697 INFO sqlalchemy.engine.Engine [cached since 2.496s ago] (50,)
2026-09-26 19:13:21,697 | INFO     | sqlalchemy.engine.Engine | [cached since 2.496s ago] (50,)
2026-09-26 19:13:21,698 INFO sqlalchemy.engine.Engine ROLLBACK
2026-09-26 19:13:21,698 | INFO     | sqlalchemy.engine.Engine | ROLLBACK
INFO:     127.0.0.1:59216 - "GET /api/hardware/logs?limit=50 HTTP/1.1" 200 OK
INFO:     ('127.0.0.1', 57400) - "WebSocket /ws/dashboard" [accepted]
2026-09-26 19:13:22,707 | INFO     | parcel_box.ws | Dashboard client connected (total=2)
2026-09-26 19:13:22,707 | INFO     | parcel_box.ws | Dashboard client disconnected (total=1)
INFO:     connection closed
INFO:     connection open
2026-09-26 19:13:23,707 | INFO     | parcel_box.ws | Dashboard client disconnected (total=0)
INFO:     connection closed
INFO:     ('127.0.0.1', 51718) - "WebSocket /ws/dashboard" [accepted]
2026-09-26 19:13:23,708 | INFO     | parcel_box.ws | Dashboard client connected (total=1)
INFO:     connection open
INFO:     ('127.0.0.1', 54916) - "WebSocket /ws/dashboard" [accepted]
2026-09-26 19:13:24,714 | INFO     | parcel_box.ws | Dashboard client connected (total=2)
2026-09-26 19:13:24,714 | INFO     | parcel_box.ws | Dashboard client disconnected (total=1)
INFO:     connection closed
INFO:     connection open
2026-09-26 19:13:25,720 | INFO     | parcel_box.ws | Dashboard client disconnected (total=0)
INFO:     connection closed
INFO:     ('127.0.0.1', 55802) - "WebSocket /ws/dashboard" [accepted]
2026-09-26 19:13:25,721 | INFO     | parcel_box.ws | Dashboard client connected (total=1)
INFO:     connection open
2026-09-26 19:13:26,723 | INFO     | parcel_box.ws | Dashboard client disconnected (total=0)
INFO:     connection closed
INFO:     ('127.0.0.1', 61981) - "WebSocket /ws/dashboard" [accepted]
2026-09-26 19:13:26,725 | INFO     | parcel_box.ws | Dashboard client connected (total=1)
INFO:     connection open
INFO:     ('127.0.0.1', 54398) - "WebSocket /ws/dashboard" [accepted]
2026-09-26 19:13:27,728 | INFO     | parcel_box.ws | Dashboard client connected (total=2)
2026-09-26 19:13:27,728 | INFO     | parcel_box.ws | Dashboard client disconnected (total=1)
INFO:     connection closed
INFO:     connection open
INFO:     ('127.0.0.1', 61830) - "WebSocket /ws/dashboard" [accepted]
2026-09-26 19:13:28,735 | INFO     | parcel_box.ws | Dashboard client connected (total=2)
2026-09-26 19:13:28,735 | INFO     | parcel_box.ws | Dashboard client disconnected (total=1)
INFO:     connection closed
INFO:     connection open
2026-09-26 19:13:29,108 | INFO     | parcel_box.mqtt | MQTT event received: {'source': 'mqtt', 'topic': 'parcelbox/box-01/status', 'device_id': 'box-01', 'payload': {'device_id': 'box-01', 'battery': 80, 'door': 'closed'}}
2026-09-26 19:13:29,740 | INFO     | parcel_box.ws | Dashboard client disconnected (total=0)
INFO:     connection closed
INFO:     ('127.0.0.1', 64075) - "WebSocket /ws/dashboard" [accepted]
2026-09-26 19:13:29,741 | INFO     | parcel_box.ws | Dashboard client connected (total=1)
INFO:     connection open
INFO:     ('127.0.0.1', 62796) - "WebSocket /ws/dashboard" [accepted]
2026-09-26 19:13:30,743 | INFO     | parcel_box.ws | Dashboard client connected (total=2)
2026-09-26 19:13:30,743 | INFO     | parcel_box.ws | Dashboard client disconnected (total=1)
INFO:     connection closed
INFO:     connection open
INFO:     ('127.0.0.1', 51772) - "WebSocket /ws/dashboard" [accepted]
2026-09-26 19:13:31,747 | INFO     | parcel_box.ws | Dashboard client connected (total=2)
2026-09-26 19:13:31,747 | INFO     | parcel_box.ws | Dashboard client disconnected (total=1)
INFO:     connection closed
INFO:     connection open
INFO:     ('127.0.0.1', 56068) - "WebSocket /ws/dashboard" [accepted]
2026-09-26 19:13:32,750 | INFO     | parcel_box.ws | Dashboard client connected (total=2)
2026-09-26 19:13:32,750 | INFO     | parcel_box.ws | Dashboard client disconnected (total=1)
INFO:     connection closed
INFO:     connection open
INFO:     ('127.0.0.1', 52511) - "WebSocket /ws/dashboard" [accepted]
2026-09-26 19:13:33,756 | INFO     | parcel_box.ws | Dashboard client connected (total=2)
2026-09-26 19:13:33,756 | INFO     | parcel_box.ws | Dashboard client disconnected (total=1)
INFO:     connection closed
INFO:     connection open
2026-09-26 19:13:35,223 | INFO     | parcel_box.ws | Dashboard client disconnected (total=0)
INFO:     connection closed
INFO:     ('127.0.0.1', 64988) - "WebSocket /ws/dashboard" [accepted]
2026-09-26 19:13:35,225 | INFO     | parcel_box.ws | Dashboard client connected (total=1)
INFO:     connection open
2026-09-26 19:13:37,179 | INFO     | parcel_box.ws | Dashboard client disconnected (total=0)
INFO:     connection closed
INFO:     ('127.0.0.1', 56149) - "WebSocket /ws/dashboard" [accepted]
2026-09-26 19:13:37,186 | INFO     | parcel_box.ws | Dashboard client connected (total=1)
INFO:     connection open
INFO:     ('127.0.0.1', 59833) - "WebSocket /ws/dashboard" [accepted]
2026-09-26 19:13:38,182 | INFO     | parcel_box.ws | Dashboard client connected (total=2)
2026-09-26 19:13:38,182 | INFO     | parcel_box.ws | Dashboard client disconnected (total=1)
INFO:     connection closed
INFO:     connection open
INFO:     ('127.0.0.1', 59123) - "WebSocket /ws/dashboard" [accepted]
2026-09-26 19:13:39,220 | INFO     | parcel_box.ws | Dashboard client connected (total=2)
2026-09-26 19:13:39,220 | INFO     | parcel_box.ws | Dashboard client disconnected (total=1)
INFO:     connection closed
INFO:     connection open
INFO:     ('127.0.0.1', 64515) - "WebSocket /ws/dashboard" [accepted]
2026-09-26 19:13:41,213 | INFO     | parcel_box.ws | Dashboard client connected (total=2)
2026-09-26 19:13:41,214 | INFO     | parcel_box.ws | Dashboard client disconnected (total=1)
INFO:     connection closed
INFO:     connection open
INFO:     ('127.0.0.1', 49228) - "WebSocket /ws/dashboard" [accepted]
2026-09-26 19:13:43,219 | INFO     | parcel_box.ws | Dashboard client connected (total=2)
2026-09-26 19:13:43,219 | INFO     | parcel_box.ws | Dashboard client disconnected (total=1)
INFO:     connection closed
INFO:     connection open
2026-09-26 19:13:45,218 | INFO     | parcel_box.ws | Dashboard client disconnected (total=0)
INFO:     connection closed
INFO:     ('127.0.0.1', 52287) - "WebSocket /ws/dashboard" [accepted]
2026-09-26 19:13:45,219 | INFO     | parcel_box.ws | Dashboard client connected (total=1)
INFO:     connection open
INFO:     ('127.0.0.1', 63661) - "WebSocket /ws/dashboard" [accepted]
2026-09-26 19:13:47,218 | INFO     | parcel_box.ws | Dashboard client connected (total=2)
2026-09-26 19:13:47,218 | INFO     | parcel_box.ws | Dashboard client disconnected (total=1)
INFO:     connection closed
INFO:     connection open
INFO:     ('127.0.0.1', 51349) - "WebSocket /ws/dashboard" [accepted]
2026-09-26 19:13:49,220 | INFO     | parcel_box.ws | Dashboard client connected (total=2)
2026-09-26 19:13:49,220 | INFO     | parcel_box.ws | Dashboard client disconnected (total=1)
INFO:     connection closed
INFO:     connection open
2026-09-26 19:13:51,222 | INFO     | parcel_box.ws | Dashboard client disconnected (total=0)
INFO:     connection closed
INFO:     ('127.0.0.1', 51186) - "WebSocket /ws/dashboard" [accepted]
2026-09-26 19:13:51,223 | INFO     | parcel_box.ws | Dashboard client connected (total=1)
INFO:     connection open
INFO:     ('127.0.0.1', 57245) - "WebSocket /ws/dashboard" [accepted]
2026-09-26 19:13:53,221 | INFO     | parcel_box.ws | Dashboard client connected (total=2)
2026-09-26 19:13:53,221 | INFO     | parcel_box.ws | Dashboard client disconnected (total=1)
INFO:     connection closed
INFO:     connection open
2026-09-26 19:13:55,216 | INFO     | parcel_box.ws | Dashboard client disconnected (total=0)
INFO:     connection closed
INFO:     ('127.0.0.1', 65316) - "WebSocket /ws/dashboard" [accepted]
2026-09-26 19:13:55,217 | INFO     | parcel_box.ws | Dashboard client connected (total=1)
INFO:     connection open
INFO:     ('127.0.0.1', 50025) - "WebSocket /ws/dashboard" [accepted]
2026-09-26 19:13:57,213 | INFO     | parcel_box.ws | Dashboard client connected (total=2)
2026-09-26 19:13:57,214 | INFO     | parcel_box.ws | Dashboard client disconnected (total=1)
INFO:     connection closed
INFO:     connection open
2026-09-26 19:13:59,215 | INFO     | parcel_box.ws | Dashboard client disconnected (total=0)
INFO:     connection closed
INFO:     ('127.0.0.1', 57635) - "WebSocket /ws/dashboard" [accepted]
2026-09-26 19:13:59,217 | INFO     | parcel_box.ws | Dashboard client connected (total=1)
INFO:     connection open
2026-09-26 19:14:01,215 | INFO     | parcel_box.ws | Dashboard client disconnected (total=0)
INFO:     connection closed
INFO:     ('127.0.0.1', 60950) - "WebSocket /ws/dashboard" [accepted]
2026-09-26 19:14:01,216 | INFO     | parcel_box.ws | Dashboard client connected (total=1)
INFO:     connection open
INFO:     ('127.0.0.1', 52558) - "WebSocket /ws/dashboard" [accepted]
2026-09-26 19:14:03,213 | INFO     | parcel_box.ws | Dashboard client connected (total=2)
2026-09-26 19:14:03,213 | INFO     | parcel_box.ws | Dashboard client disconnected (total=1)
INFO:     connection closed
INFO:     connection open
INFO:     ('127.0.0.1', 60996) - "WebSocket /ws/dashboard" [accepted]
2026-09-26 19:14:04,228 | INFO     | parcel_box.ws | Dashboard client connected (total=2)
2026-09-26 19:14:04,228 | INFO     | parcel_box.ws | Dashboard client disconnected (total=1)
INFO:     connection closed
INFO:     connection open
INFO:     ('127.0.0.1', 60031) - "WebSocket /ws/dashboard" [accepted]
2026-09-26 19:14:06,218 | INFO     | parcel_box.ws | Dashboard client connected (total=2)
2026-09-26 19:14:06,218 | INFO     | parcel_box.ws | Dashboard client disconnected (total=1)
INFO:     connection closed
INFO:     connection open
2026-09-26 19:14:08,210 | INFO     | parcel_box.ws | Dashboard client disconnected (total=0)
INFO:     connection closed
INFO:     ('127.0.0.1', 53209) - "WebSocket /ws/dashboard" [accepted]
2026-09-26 19:14:08,211 | INFO     | parcel_box.ws | Dashboard client connected (total=1)
INFO:     connection open
2026-09-26 19:14:10,209 | INFO     | parcel_box.ws | Dashboard client disconnected (total=0)
INFO:     connection closed
INFO:     ('127.0.0.1', 55022) - "WebSocket /ws/dashboard" [accepted]
2026-09-26 19:14:10,210 | INFO     | parcel_box.ws | Dashboard client connected (total=1)
INFO:     connection open
INFO:     ('127.0.0.1', 55888) - "WebSocket /ws/dashboard" [accepted]
2026-09-26 19:14:12,223 | INFO     | parcel_box.ws | Dashboard client connected (total=2)
2026-09-26 19:14:12,223 | INFO     | parcel_box.ws | Dashboard client disconnected (total=1)
INFO:     connection closed
INFO:     connection open
INFO:     ('127.0.0.1', 64655) - "WebSocket /ws/dashboard" [accepted]
2026-09-26 19:14:14,218 | INFO     | parcel_box.ws | Dashboard client connected (total=2)
2026-09-26 19:14:14,218 | INFO     | parcel_box.ws | Dashboard client disconnected (total=1)
INFO:     connection closed
INFO:     connection open
INFO:     ('127.0.0.1', 60984) - "WebSocket /ws/dashboard" [accepted]
2026-09-26 19:14:16,211 | INFO     | parcel_box.ws | Dashboard client connected (total=2)
2026-09-26 19:14:16,211 | INFO     | parcel_box.ws | Dashboard client disconnected (total=1)
INFO:     connection closed
INFO:     connection open
2026-09-26 19:14:18,115 | INFO     | parcel_box.ws | Dashboard client disconnected (total=0)
INFO:     connection closed
INFO:     ('127.0.0.1', 64004) - "WebSocket /ws/dashboard" [accepted]
2026-09-26 19:14:18,126 | INFO     | parcel_box.ws | Dashboard client connected (total=1)
INFO:     connection open
2026-09-26 19:14:19,122 | INFO     | parcel_box.ws | Dashboard client disconnected (total=0)
INFO:     connection closed
INFO:     ('127.0.0.1', 56673) - "WebSocket /ws/dashboard" [accepted]
2026-09-26 19:14:19,123 | INFO     | parcel_box.ws | Dashboard client connected (total=1)
INFO:     connection open
INFO:     127.0.0.1:50811 - "GET /dashboard HTTP/1.1" 200 OK
2026-09-26 19:14:19,876 | INFO     | parcel_box.ws | Dashboard client disconnected (total=0)
INFO:     connection closed
2026-09-26 19:14:19,884 INFO sqlalchemy.engine.Engine BEGIN (implicit)
2026-09-26 19:14:19,884 | INFO     | sqlalchemy.engine.Engine | BEGIN (implicit)
2026-09-26 19:14:19,884 INFO sqlalchemy.engine.Engine SELECT access_logs.id, access_logs.device_id, access_logs.event_type, access_logs.result, access_logs.qr_code_scanned, access_logs.whitelist_id, access_logs.image_path, access_logs.notes, access_logs.created_at 
FROM access_logs ORDER BY access_logs.created_at DESC 
 LIMIT %s
2026-09-26 19:14:19,884 | INFO     | sqlalchemy.engine.Engine | SELECT access_logs.id, access_logs.device_id, access_logs.event_type, access_logs.result, access_logs.qr_code_scanned, access_logs.whitelist_id, access_logs.image_path, access_logs.notes, access_logs.created_at 
FROM access_logs ORDER BY access_logs.created_at DESC 
 LIMIT %s
2026-09-26 19:14:19,884 INFO sqlalchemy.engine.Engine [cached since 60.68s ago] (50,)
2026-09-26 19:14:19,884 | INFO     | sqlalchemy.engine.Engine | [cached since 60.68s ago] (50,)
2026-09-26 19:14:19,885 INFO sqlalchemy.engine.Engine ROLLBACK
2026-09-26 19:14:19,885 | INFO     | sqlalchemy.engine.Engine | ROLLBACK
INFO:     127.0.0.1:50811 - "GET /api/hardware/logs?limit=50 HTTP/1.1" 200 OK
INFO:     ('127.0.0.1', 62584) - "WebSocket /ws/dashboard" [accepted]
2026-09-26 19:14:19,890 | INFO     | parcel_box.ws | Dashboard client connected (total=1)
INFO:     connection open
2026-09-26 19:14:25,378 | INFO     | parcel_box.ws | Dashboard client disconnected (total=0)
INFO:     connection closed
INFO:     ('127.0.0.1', 62958) - "WebSocket /ws/dashboard" [accepted]
2026-09-26 19:14:27,668 | INFO     | parcel_box.ws | Dashboard client connected (total=1)
INFO:     connection open
2026-09-26 19:14:27,670 INFO sqlalchemy.engine.Engine BEGIN (implicit)
2026-09-26 19:14:27,670 | INFO     | sqlalchemy.engine.Engine | BEGIN (implicit)
2026-09-26 19:14:27,671 INFO sqlalchemy.engine.Engine SELECT access_logs.id, access_logs.device_id, access_logs.event_type, access_logs.result, access_logs.qr_code_scanned, access_logs.whitelist_id, access_logs.image_path, access_logs.notes, access_logs.created_at 
FROM access_logs ORDER BY access_logs.created_at DESC 
 LIMIT %s
2026-09-26 19:14:27,671 | INFO     | sqlalchemy.engine.Engine | SELECT access_logs.id, access_logs.device_id, access_logs.event_type, access_logs.result, access_logs.qr_code_scanned, access_logs.whitelist_id, access_logs.image_path, access_logs.notes, access_logs.created_at 
FROM access_logs ORDER BY access_logs.created_at DESC 
 LIMIT %s
2026-09-26 19:14:27,671 INFO sqlalchemy.engine.Engine [cached since 68.47s ago] (50,)
2026-09-26 19:14:27,671 | INFO     | sqlalchemy.engine.Engine | [cached since 68.47s ago] (50,)
2026-09-26 19:14:27,673 INFO sqlalchemy.engine.Engine ROLLBACK
2026-09-26 19:14:27,673 | INFO     | sqlalchemy.engine.Engine | ROLLBACK
INFO:     127.0.0.1:54794 - "GET /api/hardware/logs?limit=50 HTTP/1.1" 200 OK
2026-09-26 19:15:31,763 | INFO     | parcel_box.ws | Dashboard client disconnected (total=0)
INFO:     connection closed
INFO:     Shutting down
INFO:     Finished server process [33472]
INFO:     Started server process [13592]
INFO:     Waiting for application startup.
2026-09-26 19:16:33,829 | INFO     | parcel_box | Starting Smart IoT Parcel Box (development)
2026-09-26 19:16:33,851 | DEBUG    | aiomysql | caching sha2: Trying full auth...
2026-09-26 19:16:33,851 | DEBUG    | aiomysql | -----BEGIN PUBLIC KEY-----
MIIBIjANBgkqhkiG9w0BAQEFAAOCAQ8AMIIBCgKCAQEA1amPoFS9XFTxVycg+LJt
k1DVbqF7ocgUnqVe/dGMIi79arAvXu8j5+l8JtB3cXyiuvHJOKTWqqSrFdtYHmFU
9tD8v8bxdA06mgbZ54vobtgjUFMbJg8Qyg6GMTSs50twL0rvgtX1xyMfcYr285h6
6Ul6kLH9VgEb8lQhN6/eRjZ3YLLReXTmpHoI70k+y6mJ4LjW6jEgWGjBKd3zgrMJ
UB0k21JThKRO12js76t58C0ATRet4rMPV4hi0gUSnA09Wsie2GfT339rlhkvg24V
FUmUcvtE8RIREMG5GZoY5YcF3dPagdkZwYLh1QO9STSIxCoSjSuRvOqkEB+MXWCQ
WQIDAQAB
-----END PUBLIC KEY-----

2026-09-26 19:16:33,928 INFO sqlalchemy.engine.Engine SELECT DATABASE()
2026-09-26 19:16:33,928 | INFO     | sqlalchemy.engine.Engine | SELECT DATABASE()
2026-09-26 19:16:33,930 INFO sqlalchemy.engine.Engine [raw sql] ()
2026-09-26 19:16:33,930 | INFO     | sqlalchemy.engine.Engine | [raw sql] ()
2026-09-26 19:16:33,937 INFO sqlalchemy.engine.Engine SELECT @@sql_mode
2026-09-26 19:16:33,937 | INFO     | sqlalchemy.engine.Engine | SELECT @@sql_mode
2026-09-26 19:16:33,937 INFO sqlalchemy.engine.Engine [raw sql] ()
2026-09-26 19:16:33,937 | INFO     | sqlalchemy.engine.Engine | [raw sql] ()
2026-09-26 19:16:33,939 INFO sqlalchemy.engine.Engine SELECT @@lower_case_table_names
2026-09-26 19:16:33,939 | INFO     | sqlalchemy.engine.Engine | SELECT @@lower_case_table_names
2026-09-26 19:16:33,939 INFO sqlalchemy.engine.Engine [raw sql] ()
2026-09-26 19:16:33,939 | INFO     | sqlalchemy.engine.Engine | [raw sql] ()
2026-09-26 19:16:33,941 INFO sqlalchemy.engine.Engine BEGIN (implicit)
2026-09-26 19:16:33,941 | INFO     | sqlalchemy.engine.Engine | BEGIN (implicit)
2026-09-26 19:16:33,941 INFO sqlalchemy.engine.Engine DESCRIBE `parcel_box`.`parcels_whitelist`
2026-09-26 19:16:33,941 | INFO     | sqlalchemy.engine.Engine | DESCRIBE `parcel_box`.`parcels_whitelist`
2026-09-26 19:16:33,941 INFO sqlalchemy.engine.Engine [raw sql] ()
2026-09-26 19:16:33,941 | INFO     | sqlalchemy.engine.Engine | [raw sql] ()
2026-09-26 19:16:33,956 INFO sqlalchemy.engine.Engine DESCRIBE `parcel_box`.`access_logs`
2026-09-26 19:16:33,956 | INFO     | sqlalchemy.engine.Engine | DESCRIBE `parcel_box`.`access_logs`
2026-09-26 19:16:33,956 INFO sqlalchemy.engine.Engine [raw sql] ()
2026-09-26 19:16:33,956 | INFO     | sqlalchemy.engine.Engine | [raw sql] ()
2026-09-26 19:16:33,960 INFO sqlalchemy.engine.Engine COMMIT
2026-09-26 19:16:33,960 | INFO     | sqlalchemy.engine.Engine | COMMIT
2026-09-26 19:16:33,962 | INFO     | parcel_box.mqtt | MQTT bridge task started
2026-09-26 19:16:33,962 | INFO     | parcel_box | Startup complete
INFO:     Application startup complete.
INFO:     Uvicorn running on http://0.0.0.0:8000 (Press CTRL+C to quit)
2026-09-26 19:16:33,966 | INFO     | parcel_box.mqtt | MQTT connected to localhost:1883, subscribed to parcelbox/+/status / parcelbox/+/event
2026-09-26 19:17:19,182 INFO sqlalchemy.engine.Engine BEGIN (implicit)
2026-09-26 19:17:19,182 | INFO     | sqlalchemy.engine.Engine | BEGIN (implicit)
2026-09-26 19:17:19,189 INFO sqlalchemy.engine.Engine SELECT access_logs.id, access_logs.device_id, access_logs.event_type, access_logs.result, access_logs.qr_code_scanned, access_logs.whitelist_id, access_logs.image_path, access_logs.notes, access_logs.created_at 
FROM access_logs ORDER BY access_logs.created_at DESC 
 LIMIT %s
2026-09-26 19:17:19,189 | INFO     | sqlalchemy.engine.Engine | SELECT access_logs.id, access_logs.device_id, access_logs.event_type, access_logs.result, access_logs.qr_code_scanned, access_logs.whitelist_id, access_logs.image_path, access_logs.notes, access_logs.created_at 
FROM access_logs ORDER BY access_logs.created_at DESC 
 LIMIT %s
2026-09-26 19:17:19,189 INFO sqlalchemy.engine.Engine [generated in 0.00037s] (50,)
2026-09-26 19:17:19,189 | INFO     | sqlalchemy.engine.Engine | [generated in 0.00037s] (50,)
2026-09-26 19:17:19,195 INFO sqlalchemy.engine.Engine ROLLBACK
2026-09-26 19:17:19,195 | INFO     | sqlalchemy.engine.Engine | ROLLBACK
INFO:     127.0.0.1:58417 - "GET /api/hardware/logs?limit=50 HTTP/1.1" 200 OK
INFO:     ('127.0.0.1', 52885) - "WebSocket /ws/dashboard" [accepted]
2026-09-26 19:17:19,792 | INFO     | parcel_box.ws | Dashboard client connected (total=1)
INFO:     connection open
INFO:     127.0.0.1:58417 - "GET /favicon.ico HTTP/1.1" 404 Not Found
2026-09-26 19:20:47,109 | INFO     | parcel_box.ws | Dashboard client disconnected (total=0)
INFO:     connection closed
INFO:     127.0.0.1:60776 - "GET /docs HTTP/1.1" 200 OK
INFO:     127.0.0.1:60776 - "GET /openapi.json HTTP/1.1" 200 OK
INFO:     127.0.0.1:57108 - "GET /dashboard HTTP/1.1" 200 OK
INFO:     127.0.0.1:57108 - "GET /api/hardware/logs?limit=50 HTTP/1.1" 401 Unauthorized
INFO:     ('127.0.0.1', 52752) - "WebSocket /ws/dashboard" [accepted]
2026-09-26 21:02:25,148 | INFO     | parcel_box.ws | Dashboard client connected (total=1)
INFO:     connection open
INFO:     127.0.0.1:57108 - "GET /favicon.ico HTTP/1.1" 404 Not Found
2026-09-26 21:06:16,265 | INFO     | parcel_box.ws | Dashboard client disconnected (total=0)
INFO:     connection closed
INFO:     Shutting down
INFO:     Waiting for application shutdown.
2026-09-26 21:33:50,172 | INFO     | parcel_box | Shutting down...
2026-09-26 21:33:50,180 | INFO     | parcel_box.mqtt | MQTT bridge stopped
2026-09-26 21:33:50,201 | INFO     | parcel_box | Shutdown complete
INFO:     Application shutdown complete.
INFO:     Finished server process [13592]
INFO:     Started server process [8124]
INFO:     Waiting for application startup.
2026-09-26 21:33:58,243 | INFO     | parcel_box | Starting Smart IoT Parcel Box (development)
2026-09-26 21:33:58,243 | WARNING  | parcel_box | DASHBOARD_TOKEN is not set — /ws/dashboard accepts any connection with no authentication. Set DASHBOARD_TOKEN before exposing the dashboard publicly.
2026-09-26 21:33:58,260 | DEBUG    | aiomysql | caching sha2: succeeded by fast path.
2026-09-26 21:33:58,264 INFO sqlalchemy.engine.Engine SELECT DATABASE()
2026-09-26 21:33:58,264 | INFO     | sqlalchemy.engine.Engine | SELECT DATABASE()
2026-09-26 21:33:58,264 INFO sqlalchemy.engine.Engine [raw sql] ()
2026-09-26 21:33:58,264 | INFO     | sqlalchemy.engine.Engine | [raw sql] ()
2026-09-26 21:33:58,265 INFO sqlalchemy.engine.Engine SELECT @@sql_mode
2026-09-26 21:33:58,265 | INFO     | sqlalchemy.engine.Engine | SELECT @@sql_mode
2026-09-26 21:33:58,265 INFO sqlalchemy.engine.Engine [raw sql] ()
2026-09-26 21:33:58,265 | INFO     | sqlalchemy.engine.Engine | [raw sql] ()
2026-09-26 21:33:58,265 INFO sqlalchemy.engine.Engine SELECT @@lower_case_table_names
2026-09-26 21:33:58,265 | INFO     | sqlalchemy.engine.Engine | SELECT @@lower_case_table_names
2026-09-26 21:33:58,265 INFO sqlalchemy.engine.Engine [raw sql] ()
2026-09-26 21:33:58,265 | INFO     | sqlalchemy.engine.Engine | [raw sql] ()
2026-09-26 21:33:58,266 INFO sqlalchemy.engine.Engine BEGIN (implicit)
2026-09-26 21:33:58,266 | INFO     | sqlalchemy.engine.Engine | BEGIN (implicit)
2026-09-26 21:33:58,266 INFO sqlalchemy.engine.Engine DESCRIBE `parcel_box`.`parcels_whitelist`
2026-09-26 21:33:58,266 | INFO     | sqlalchemy.engine.Engine | DESCRIBE `parcel_box`.`parcels_whitelist`
2026-09-26 21:33:58,266 INFO sqlalchemy.engine.Engine [raw sql] ()
2026-09-26 21:33:58,266 | INFO     | sqlalchemy.engine.Engine | [raw sql] ()
2026-09-26 21:33:58,280 INFO sqlalchemy.engine.Engine DESCRIBE `parcel_box`.`access_logs`
2026-09-26 21:33:58,280 | INFO     | sqlalchemy.engine.Engine | DESCRIBE `parcel_box`.`access_logs`
2026-09-26 21:33:58,280 INFO sqlalchemy.engine.Engine [raw sql] ()
2026-09-26 21:33:58,280 | INFO     | sqlalchemy.engine.Engine | [raw sql] ()
2026-09-26 21:33:58,282 INFO sqlalchemy.engine.Engine COMMIT
2026-09-26 21:33:58,282 | INFO     | sqlalchemy.engine.Engine | COMMIT
2026-09-26 21:33:58,282 | INFO     | parcel_box.mqtt | MQTT bridge task started
2026-09-26 21:33:58,282 | INFO     | parcel_box | Startup complete
INFO:     Application startup complete.
INFO:     Uvicorn running on http://0.0.0.0:8000 (Press CTRL+C to quit)
2026-09-26 21:33:58,284 | INFO     | parcel_box.mqtt | MQTT connected to localhost:1883, subscribed to parcelbox/+/status / parcelbox/+/event
INFO:     Shutting down
INFO:     Waiting for application shutdown.
2026-09-26 21:40:09,285 | INFO     | parcel_box | Shutting down...
2026-09-26 21:40:09,285 | INFO     | parcel_box.mqtt | MQTT bridge stopped
2026-09-26 21:40:09,309 | INFO     | parcel_box | Shutdown complete
INFO:     Application shutdown complete.
INFO:     Finished server process [8124]
INFO:     Started server process [16960]
INFO:     Waiting for application startup.
2026-09-26 21:40:12,995 | INFO     | parcel_box | Starting Smart IoT Parcel Box (development)
2026-09-26 21:40:12,995 | WARNING  | parcel_box | DASHBOARD_TOKEN is not set — /ws/dashboard accepts any connection with no authentication. Set DASHBOARD_TOKEN before exposing the dashboard publicly.
2026-09-26 21:40:13,004 | DEBUG    | aiomysql | caching sha2: succeeded by fast path.
2026-09-26 21:40:13,005 INFO sqlalchemy.engine.Engine SELECT DATABASE()
2026-09-26 21:40:13,005 | INFO     | sqlalchemy.engine.Engine | SELECT DATABASE()
2026-09-26 21:40:13,005 INFO sqlalchemy.engine.Engine [raw sql] ()
2026-09-26 21:40:13,005 | INFO     | sqlalchemy.engine.Engine | [raw sql] ()
2026-09-26 21:40:13,005 INFO sqlalchemy.engine.Engine SELECT @@sql_mode
2026-09-26 21:40:13,005 | INFO     | sqlalchemy.engine.Engine | SELECT @@sql_mode
2026-09-26 21:40:13,006 INFO sqlalchemy.engine.Engine [raw sql] ()
2026-09-26 21:40:13,006 | INFO     | sqlalchemy.engine.Engine | [raw sql] ()
2026-09-26 21:40:13,006 INFO sqlalchemy.engine.Engine SELECT @@lower_case_table_names
2026-09-26 21:40:13,006 | INFO     | sqlalchemy.engine.Engine | SELECT @@lower_case_table_names
2026-09-26 21:40:13,006 INFO sqlalchemy.engine.Engine [raw sql] ()
2026-09-26 21:40:13,006 | INFO     | sqlalchemy.engine.Engine | [raw sql] ()
2026-09-26 21:40:13,006 INFO sqlalchemy.engine.Engine BEGIN (implicit)
2026-09-26 21:40:13,006 | INFO     | sqlalchemy.engine.Engine | BEGIN (implicit)
2026-09-26 21:40:13,007 INFO sqlalchemy.engine.Engine DESCRIBE `parcel_box`.`parcels_whitelist`
2026-09-26 21:40:13,007 | INFO     | sqlalchemy.engine.Engine | DESCRIBE `parcel_box`.`parcels_whitelist`
2026-09-26 21:40:13,007 INFO sqlalchemy.engine.Engine [raw sql] ()
2026-09-26 21:40:13,007 | INFO     | sqlalchemy.engine.Engine | [raw sql] ()
2026-09-26 21:40:13,010 INFO sqlalchemy.engine.Engine DESCRIBE `parcel_box`.`access_logs`
2026-09-26 21:40:13,010 | INFO     | sqlalchemy.engine.Engine | DESCRIBE `parcel_box`.`access_logs`
2026-09-26 21:40:13,010 INFO sqlalchemy.engine.Engine [raw sql] ()
2026-09-26 21:40:13,010 | INFO     | sqlalchemy.engine.Engine | [raw sql] ()
2026-09-26 21:40:13,011 INFO sqlalchemy.engine.Engine COMMIT
2026-09-26 21:40:13,011 | INFO     | sqlalchemy.engine.Engine | COMMIT
2026-09-26 21:40:13,011 | INFO     | parcel_box.mqtt | MQTT bridge task started
2026-09-26 21:40:13,011 | INFO     | parcel_box | Startup complete
INFO:     Application startup complete.
INFO:     Uvicorn running on http://0.0.0.0:8000 (Press CTRL+C to quit)
2026-09-26 21:40:13,013 | INFO     | parcel_box.mqtt | MQTT connected to localhost:1883, subscribed to parcelbox/+/status / parcelbox/+/event
2026-09-26 21:41:27,293 | DEBUG    | multipart.multipart | Calling on_part_begin with no data
2026-09-26 21:41:27,293 | DEBUG    | multipart.multipart | Calling on_header_field with data[50:69]
2026-09-26 21:41:27,293 | DEBUG    | multipart.multipart | Calling on_header_value with data[71:98]
2026-09-26 21:41:27,293 | DEBUG    | multipart.multipart | Calling on_header_end with no data
2026-09-26 21:41:27,293 | DEBUG    | multipart.multipart | Calling on_headers_finished with no data
2026-09-26 21:41:27,293 | DEBUG    | multipart.multipart | Calling on_part_data with data[102:118]
2026-09-26 21:41:27,293 | DEBUG    | multipart.multipart | Calling on_part_end with no data
2026-09-26 21:41:27,293 | DEBUG    | multipart.multipart | Calling on_part_begin with no data
2026-09-26 21:41:27,293 | DEBUG    | multipart.multipart | Calling on_header_field with data[170:189]
2026-09-26 21:41:27,293 | DEBUG    | multipart.multipart | Calling on_header_value with data[191:231]
2026-09-26 21:41:27,294 | DEBUG    | multipart.multipart | Calling on_header_end with no data
2026-09-26 21:41:27,294 | DEBUG    | multipart.multipart | Calling on_header_field with data[233:245]
2026-09-26 21:41:27,294 | DEBUG    | multipart.multipart | Calling on_header_value with data[247:257]
2026-09-26 21:41:27,294 | DEBUG    | multipart.multipart | Calling on_header_end with no data
2026-09-26 21:41:27,294 | DEBUG    | multipart.multipart | Calling on_headers_finished with no data
2026-09-26 21:41:27,294 | DEBUG    | multipart.multipart | Calling on_part_data with data[261:1276]
2026-09-26 21:41:27,294 | DEBUG    | multipart.multipart | Calling on_part_data with data[0:2]
2026-09-26 21:41:27,294 | DEBUG    | multipart.multipart | Calling on_part_data with data[0:2]
2026-09-26 21:41:27,294 | DEBUG    | multipart.multipart | Calling on_part_data with data[1280:1306]
2026-09-26 21:41:27,294 | DEBUG    | multipart.multipart | Calling on_part_data with data[0:2]
2026-09-26 21:41:27,294 | DEBUG    | multipart.multipart | Calling on_part_end with no data
2026-09-26 21:41:27,294 | DEBUG    | multipart.multipart | Calling on_end with no data
INFO:     127.0.0.1:62328 - "POST /api/upload-image HTTP/1.1" 401 Unauthorized
2026-09-26 21:42:09,767 | DEBUG    | multipart.multipart | Calling on_part_begin with no data
2026-09-26 21:42:09,767 | DEBUG    | multipart.multipart | Calling on_header_field with data[50:69]
2026-09-26 21:42:09,767 | DEBUG    | multipart.multipart | Calling on_header_value with data[71:98]
2026-09-26 21:42:09,767 | DEBUG    | multipart.multipart | Calling on_header_end with no data
2026-09-26 21:42:09,767 | DEBUG    | multipart.multipart | Calling on_headers_finished with no data
2026-09-26 21:42:09,767 | DEBUG    | multipart.multipart | Calling on_part_data with data[102:118]
2026-09-26 21:42:09,767 | DEBUG    | multipart.multipart | Calling on_part_end with no data
2026-09-26 21:42:09,767 | DEBUG    | multipart.multipart | Calling on_part_begin with no data
2026-09-26 21:42:09,767 | DEBUG    | multipart.multipart | Calling on_header_field with data[170:189]
2026-09-26 21:42:09,767 | DEBUG    | multipart.multipart | Calling on_header_value with data[191:231]
2026-09-26 21:42:09,767 | DEBUG    | multipart.multipart | Calling on_header_end with no data
2026-09-26 21:42:09,767 | DEBUG    | multipart.multipart | Calling on_header_field with data[233:245]
2026-09-26 21:42:09,767 | DEBUG    | multipart.multipart | Calling on_header_value with data[247:257]
2026-09-26 21:42:09,767 | DEBUG    | multipart.multipart | Calling on_header_end with no data
2026-09-26 21:42:09,767 | DEBUG    | multipart.multipart | Calling on_headers_finished with no data
2026-09-26 21:42:09,767 | DEBUG    | multipart.multipart | Calling on_part_data with data[261:815]
2026-09-26 21:42:09,767 | DEBUG    | multipart.multipart | Calling on_part_data with data[0:2]
2026-09-26 21:42:09,767 | DEBUG    | multipart.multipart | Calling on_part_data with data[817:1276]
2026-09-26 21:42:09,767 | DEBUG    | multipart.multipart | Calling on_part_data with data[0:2]
2026-09-26 21:42:09,767 | DEBUG    | multipart.multipart | Calling on_part_data with data[0:2]
2026-09-26 21:42:09,768 | DEBUG    | multipart.multipart | Calling on_part_data with data[1280:1306]
2026-09-26 21:42:09,768 | DEBUG    | multipart.multipart | Calling on_part_data with data[0:2]
2026-09-26 21:42:09,768 | DEBUG    | multipart.multipart | Calling on_part_end with no data
2026-09-26 21:42:09,768 | DEBUG    | multipart.multipart | Calling on_end with no data
INFO:     127.0.0.1:58846 - "POST /api/upload-image HTTP/1.1" 401 Unauthorized
2026-09-26 21:43:19,690 | DEBUG    | multipart.multipart | Calling on_part_begin with no data
2026-09-26 21:43:19,690 | DEBUG    | multipart.multipart | Calling on_header_field with data[50:69]
2026-09-26 21:43:19,690 | DEBUG    | multipart.multipart | Calling on_header_value with data[71:98]
2026-09-26 21:43:19,690 | DEBUG    | multipart.multipart | Calling on_header_end with no data
2026-09-26 21:43:19,690 | DEBUG    | multipart.multipart | Calling on_headers_finished with no data
2026-09-26 21:43:19,690 | DEBUG    | multipart.multipart | Calling on_part_data with data[102:118]
2026-09-26 21:43:19,690 | DEBUG    | multipart.multipart | Calling on_part_end with no data
2026-09-26 21:43:19,690 | DEBUG    | multipart.multipart | Calling on_part_begin with no data
2026-09-26 21:43:19,690 | DEBUG    | multipart.multipart | Calling on_header_field with data[170:189]
2026-09-26 21:43:19,690 | DEBUG    | multipart.multipart | Calling on_header_value with data[191:231]
2026-09-26 21:43:19,690 | DEBUG    | multipart.multipart | Calling on_header_end with no data
2026-09-26 21:43:19,690 | DEBUG    | multipart.multipart | Calling on_header_field with data[233:245]
2026-09-26 21:43:19,690 | DEBUG    | multipart.multipart | Calling on_header_value with data[247:257]
2026-09-26 21:43:19,691 | DEBUG    | multipart.multipart | Calling on_header_end with no data
2026-09-26 21:43:19,691 | DEBUG    | multipart.multipart | Calling on_headers_finished with no data
2026-09-26 21:43:19,691 | DEBUG    | multipart.multipart | Calling on_part_data with data[261:1276]
2026-09-26 21:43:19,691 | DEBUG    | multipart.multipart | Calling on_part_data with data[0:2]
2026-09-26 21:43:19,691 | DEBUG    | multipart.multipart | Calling on_part_data with data[0:2]
2026-09-26 21:43:19,691 | DEBUG    | multipart.multipart | Calling on_part_data with data[1280:1306]
2026-09-26 21:43:19,691 | DEBUG    | multipart.multipart | Calling on_part_data with data[0:2]
2026-09-26 21:43:19,691 | DEBUG    | multipart.multipart | Calling on_part_end with no data
2026-09-26 21:43:19,691 | DEBUG    | multipart.multipart | Calling on_end with no data
2026-09-26 21:43:19,693 | WARNING  | parcel_box | Domain error on /api/upload-image: File signature does not match a supported image format
INFO:     127.0.0.1:50359 - "POST /api/upload-image HTTP/1.1" 415 Unsupported Media Type
INFO:     Shutting down
INFO:     Waiting for application shutdown.
2026-09-26 21:55:08,420 | INFO     | parcel_box | Shutting down...
2026-09-26 21:55:08,420 | INFO     | parcel_box.mqtt | MQTT bridge stopped
2026-09-26 21:55:08,421 | INFO     | parcel_box | Shutdown complete
INFO:     Application shutdown complete.
INFO:     Finished server process [16960]
INFO:     Started server process [33128]
INFO:     Waiting for application startup.
2026-09-26 21:55:20,719 | INFO     | parcel_box | Starting Smart IoT Parcel Box (development)
2026-09-26 21:55:20,720 | WARNING  | parcel_box | DASHBOARD_TOKEN is not set — /ws/dashboard accepts any connection with no authentication. Set DASHBOARD_TOKEN before exposing the dashboard publicly.
2026-09-26 21:55:20,729 | DEBUG    | aiomysql | caching sha2: succeeded by fast path.
2026-09-26 21:55:20,730 INFO sqlalchemy.engine.Engine SELECT DATABASE()
2026-09-26 21:55:20,730 | INFO     | sqlalchemy.engine.Engine | SELECT DATABASE()
2026-09-26 21:55:20,732 INFO sqlalchemy.engine.Engine [raw sql] ()
2026-09-26 21:55:20,732 | INFO     | sqlalchemy.engine.Engine | [raw sql] ()
2026-09-26 21:55:20,732 INFO sqlalchemy.engine.Engine SELECT @@sql_mode
2026-09-26 21:55:20,732 | INFO     | sqlalchemy.engine.Engine | SELECT @@sql_mode
2026-09-26 21:55:20,732 INFO sqlalchemy.engine.Engine [raw sql] ()
2026-09-26 21:55:20,732 | INFO     | sqlalchemy.engine.Engine | [raw sql] ()
2026-09-26 21:55:20,732 INFO sqlalchemy.engine.Engine SELECT @@lower_case_table_names
2026-09-26 21:55:20,732 | INFO     | sqlalchemy.engine.Engine | SELECT @@lower_case_table_names
2026-09-26 21:55:20,732 INFO sqlalchemy.engine.Engine [raw sql] ()
2026-09-26 21:55:20,732 | INFO     | sqlalchemy.engine.Engine | [raw sql] ()
2026-09-26 21:55:20,733 INFO sqlalchemy.engine.Engine BEGIN (implicit)
2026-09-26 21:55:20,733 | INFO     | sqlalchemy.engine.Engine | BEGIN (implicit)
2026-09-26 21:55:20,733 INFO sqlalchemy.engine.Engine DESCRIBE `parcel_box`.`parcels_whitelist`
2026-09-26 21:55:20,733 | INFO     | sqlalchemy.engine.Engine | DESCRIBE `parcel_box`.`parcels_whitelist`
2026-09-26 21:55:20,733 INFO sqlalchemy.engine.Engine [raw sql] ()
2026-09-26 21:55:20,733 | INFO     | sqlalchemy.engine.Engine | [raw sql] ()
2026-09-26 21:55:20,736 INFO sqlalchemy.engine.Engine DESCRIBE `parcel_box`.`access_logs`
2026-09-26 21:55:20,736 | INFO     | sqlalchemy.engine.Engine | DESCRIBE `parcel_box`.`access_logs`
2026-09-26 21:55:20,736 INFO sqlalchemy.engine.Engine [raw sql] ()
2026-09-26 21:55:20,736 | INFO     | sqlalchemy.engine.Engine | [raw sql] ()
2026-09-26 21:55:20,739 INFO sqlalchemy.engine.Engine COMMIT
2026-09-26 21:55:20,739 | INFO     | sqlalchemy.engine.Engine | COMMIT
2026-09-26 21:55:20,740 | INFO     | parcel_box.mqtt | MQTT bridge task started
2026-09-26 21:55:20,740 | INFO     | parcel_box | Startup complete
INFO:     Application startup complete.
INFO:     Uvicorn running on http://0.0.0.0:8000 (Press CTRL+C to quit)
2026-09-26 21:55:20,759 | INFO     | parcel_box.mqtt | MQTT connected to localhost:1883, subscribed to parcelbox/+/status / parcelbox/+/event
2026-09-26 21:56:01,252 | DEBUG    | multipart.multipart | Calling on_part_begin with no data
2026-09-26 21:56:01,252 | DEBUG    | multipart.multipart | Calling on_header_field with data[50:69]
2026-09-26 21:56:01,252 | DEBUG    | multipart.multipart | Calling on_header_value with data[71:98]
2026-09-26 21:56:01,252 | DEBUG    | multipart.multipart | Calling on_header_end with no data
2026-09-26 21:56:01,252 | DEBUG    | multipart.multipart | Calling on_headers_finished with no data
2026-09-26 21:56:01,252 | DEBUG    | multipart.multipart | Calling on_part_data with data[102:118]
2026-09-26 21:56:01,252 | DEBUG    | multipart.multipart | Calling on_part_end with no data
2026-09-26 21:56:01,253 | DEBUG    | multipart.multipart | Calling on_part_begin with no data
2026-09-26 21:56:01,253 | DEBUG    | multipart.multipart | Calling on_header_field with data[170:189]
2026-09-26 21:56:01,253 | DEBUG    | multipart.multipart | Calling on_header_value with data[191:231]
2026-09-26 21:56:01,253 | DEBUG    | multipart.multipart | Calling on_header_end with no data
2026-09-26 21:56:01,253 | DEBUG    | multipart.multipart | Calling on_header_field with data[233:245]
2026-09-26 21:56:01,253 | DEBUG    | multipart.multipart | Calling on_header_value with data[247:257]
2026-09-26 21:56:01,253 | DEBUG    | multipart.multipart | Calling on_header_end with no data
2026-09-26 21:56:01,253 | DEBUG    | multipart.multipart | Calling on_headers_finished with no data
2026-09-26 21:56:01,253 | DEBUG    | multipart.multipart | Calling on_part_data with data[261:1276]
2026-09-26 21:56:01,253 | DEBUG    | multipart.multipart | Calling on_part_data with data[0:2]
2026-09-26 21:56:01,253 | DEBUG    | multipart.multipart | Calling on_part_data with data[0:2]
2026-09-26 21:56:01,253 | DEBUG    | multipart.multipart | Calling on_part_data with data[1280:1306]
2026-09-26 21:56:01,253 | DEBUG    | multipart.multipart | Calling on_part_data with data[0:2]
2026-09-26 21:56:01,253 | DEBUG    | multipart.multipart | Calling on_part_end with no data
2026-09-26 21:56:01,253 | DEBUG    | multipart.multipart | Calling on_end with no data
2026-09-26 21:56:01,254 | WARNING  | parcel_box | Domain error on /api/upload-image: File signature does not match a supported image format
INFO:     127.0.0.1:57501 - "POST /api/upload-image HTTP/1.1" 415 Unsupported Media Type
INFO:     Shutting down
INFO:     Waiting for application shutdown.
2026-09-26 22:01:51,430 | INFO     | parcel_box | Shutting down...
2026-09-26 22:01:51,431 | INFO     | parcel_box.mqtt | MQTT bridge stopped
2026-09-26 22:01:51,431 | INFO     | parcel_box | Shutdown complete
INFO:     Application shutdown complete.
INFO:     Finished server process [33128]
INFO:     Started server process [10440]
INFO:     Waiting for application startup.
2026-09-26 22:01:58,524 | INFO     | parcel_box | Starting Smart IoT Parcel Box (development)
2026-09-26 22:01:58,525 | WARNING  | parcel_box | DASHBOARD_TOKEN is not set — /ws/dashboard accepts any connection with no authentication. Set DASHBOARD_TOKEN before exposing the dashboard publicly.
2026-09-26 22:01:58,533 | DEBUG    | aiomysql | caching sha2: succeeded by fast path.
2026-09-26 22:01:58,535 INFO sqlalchemy.engine.Engine SELECT DATABASE()
2026-09-26 22:01:58,535 | INFO     | sqlalchemy.engine.Engine | SELECT DATABASE()
2026-09-26 22:01:58,535 INFO sqlalchemy.engine.Engine [raw sql] ()
2026-09-26 22:01:58,535 | INFO     | sqlalchemy.engine.Engine | [raw sql] ()
2026-09-26 22:01:58,536 INFO sqlalchemy.engine.Engine SELECT @@sql_mode
2026-09-26 22:01:58,536 | INFO     | sqlalchemy.engine.Engine | SELECT @@sql_mode
2026-09-26 22:01:58,536 INFO sqlalchemy.engine.Engine [raw sql] ()
2026-09-26 22:01:58,536 | INFO     | sqlalchemy.engine.Engine | [raw sql] ()
2026-09-26 22:01:58,536 INFO sqlalchemy.engine.Engine SELECT @@lower_case_table_names
2026-09-26 22:01:58,536 | INFO     | sqlalchemy.engine.Engine | SELECT @@lower_case_table_names
2026-09-26 22:01:58,536 INFO sqlalchemy.engine.Engine [raw sql] ()
2026-09-26 22:01:58,536 | INFO     | sqlalchemy.engine.Engine | [raw sql] ()
2026-09-26 22:01:58,537 INFO sqlalchemy.engine.Engine BEGIN (implicit)
2026-09-26 22:01:58,537 | INFO     | sqlalchemy.engine.Engine | BEGIN (implicit)
2026-09-26 22:01:58,537 INFO sqlalchemy.engine.Engine DESCRIBE `parcel_box`.`parcels_whitelist`
2026-09-26 22:01:58,537 | INFO     | sqlalchemy.engine.Engine | DESCRIBE `parcel_box`.`parcels_whitelist`
2026-09-26 22:01:58,537 INFO sqlalchemy.engine.Engine [raw sql] ()
2026-09-26 22:01:58,537 | INFO     | sqlalchemy.engine.Engine | [raw sql] ()
2026-09-26 22:01:58,540 INFO sqlalchemy.engine.Engine DESCRIBE `parcel_box`.`access_logs`
2026-09-26 22:01:58,540 | INFO     | sqlalchemy.engine.Engine | DESCRIBE `parcel_box`.`access_logs`
2026-09-26 22:01:58,540 INFO sqlalchemy.engine.Engine [raw sql] ()
2026-09-26 22:01:58,540 | INFO     | sqlalchemy.engine.Engine | [raw sql] ()
2026-09-26 22:01:58,542 INFO sqlalchemy.engine.Engine COMMIT
2026-09-26 22:01:58,542 | INFO     | sqlalchemy.engine.Engine | COMMIT
2026-09-26 22:01:58,542 | INFO     | parcel_box.mqtt | MQTT bridge task started
2026-09-26 22:01:58,542 | INFO     | parcel_box | Startup complete
INFO:     Application startup complete.
INFO:     Uvicorn running on http://0.0.0.0:8000 (Press CTRL+C to quit)
2026-09-26 22:01:58,544 | INFO     | parcel_box.mqtt | MQTT connected to localhost:1883, subscribed to parcelbox/+/status / parcelbox/+/event
2026-09-26 22:02:05,808 | DEBUG    | multipart.multipart | Calling on_part_begin with no data
2026-09-26 22:02:05,808 | DEBUG    | multipart.multipart | Calling on_header_field with data[50:69]
2026-09-26 22:02:05,808 | DEBUG    | multipart.multipart | Calling on_header_value with data[71:98]
2026-09-26 22:02:05,808 | DEBUG    | multipart.multipart | Calling on_header_end with no data
2026-09-26 22:02:05,808 | DEBUG    | multipart.multipart | Calling on_headers_finished with no data
2026-09-26 22:02:05,809 | DEBUG    | multipart.multipart | Calling on_part_data with data[102:118]
2026-09-26 22:02:05,809 | DEBUG    | multipart.multipart | Calling on_part_end with no data
2026-09-26 22:02:05,809 | DEBUG    | multipart.multipart | Calling on_part_begin with no data
2026-09-26 22:02:05,809 | DEBUG    | multipart.multipart | Calling on_header_field with data[170:189]
2026-09-26 22:02:05,809 | DEBUG    | multipart.multipart | Calling on_header_value with data[191:231]
2026-09-26 22:02:05,809 | DEBUG    | multipart.multipart | Calling on_header_end with no data
2026-09-26 22:02:05,809 | DEBUG    | multipart.multipart | Calling on_header_field with data[233:245]
2026-09-26 22:02:05,809 | DEBUG    | multipart.multipart | Calling on_header_value with data[247:257]
2026-09-26 22:02:05,809 | DEBUG    | multipart.multipart | Calling on_header_end with no data
2026-09-26 22:02:05,809 | DEBUG    | multipart.multipart | Calling on_headers_finished with no data
2026-09-26 22:02:05,809 | DEBUG    | multipart.multipart | Calling on_part_data with data[261:1306]
2026-09-26 22:02:05,809 | DEBUG    | multipart.multipart | Calling on_part_data with data[0:2]
2026-09-26 22:02:05,809 | DEBUG    | multipart.multipart | Calling on_part_end with no data
2026-09-26 22:02:05,809 | DEBUG    | multipart.multipart | Calling on_end with no data
2026-09-26 22:02:05,810 | WARNING  | parcel_box | Domain error on /api/upload-image: Invalid device_id (allowed: letters, digits, - and _)
INFO:     127.0.0.1:51272 - "POST /api/upload-image HTTP/1.1" 415 Unsupported Media Type
INFO:     Shutting down
INFO:     Finished server process [10440]
INFO:     Started server process [15116]
INFO:     Waiting for application startup.
2026-09-27 15:22:28,603 | INFO     | parcel_box | Starting Smart IoT Parcel Box (development)
2026-09-27 15:22:28,603 | WARNING  | parcel_box | DASHBOARD_TOKEN is not set — /ws/dashboard accepts any connection with no authentication. Set DASHBOARD_TOKEN before exposing the dashboard publicly.
2026-09-27 15:22:28,712 | DEBUG    | aiomysql | caching sha2: Trying full auth...
2026-09-27 15:22:28,712 | DEBUG    | aiomysql | -----BEGIN PUBLIC KEY-----
MIIBIjANBgkqhkiG9w0BAQEFAAOCAQ8AMIIBCgKCAQEA1amPoFS9XFTxVycg+LJt
k1DVbqF7ocgUnqVe/dGMIi79arAvXu8j5+l8JtB3cXyiuvHJOKTWqqSrFdtYHmFU
9tD8v8bxdA06mgbZ54vobtgjUFMbJg8Qyg6GMTSs50twL0rvgtX1xyMfcYr285h6
6Ul6kLH9VgEb8lQhN6/eRjZ3YLLReXTmpHoI70k+y6mJ4LjW6jEgWGjBKd3zgrMJ
UB0k21JThKRO12js76t58C0ATRet4rMPV4hi0gUSnA09Wsie2GfT339rlhkvg24V
FUmUcvtE8RIREMG5GZoY5YcF3dPagdkZwYLh1QO9STSIxCoSjSuRvOqkEB+MXWCQ
WQIDAQAB
-----END PUBLIC KEY-----

2026-09-27 15:22:29,144 INFO sqlalchemy.engine.Engine SELECT DATABASE()
2026-09-27 15:22:29,144 | INFO     | sqlalchemy.engine.Engine | SELECT DATABASE()
2026-09-27 15:22:29,144 INFO sqlalchemy.engine.Engine [raw sql] ()
2026-09-27 15:22:29,144 | INFO     | sqlalchemy.engine.Engine | [raw sql] ()
2026-09-27 15:22:29,146 INFO sqlalchemy.engine.Engine SELECT @@sql_mode
2026-09-27 15:22:29,146 | INFO     | sqlalchemy.engine.Engine | SELECT @@sql_mode
2026-09-27 15:22:29,146 INFO sqlalchemy.engine.Engine [raw sql] ()
2026-09-27 15:22:29,146 | INFO     | sqlalchemy.engine.Engine | [raw sql] ()
2026-09-27 15:22:29,146 INFO sqlalchemy.engine.Engine SELECT @@lower_case_table_names
2026-09-27 15:22:29,146 | INFO     | sqlalchemy.engine.Engine | SELECT @@lower_case_table_names
2026-09-27 15:22:29,146 INFO sqlalchemy.engine.Engine [raw sql] ()
2026-09-27 15:22:29,146 | INFO     | sqlalchemy.engine.Engine | [raw sql] ()
2026-09-27 15:22:29,146 INFO sqlalchemy.engine.Engine BEGIN (implicit)
2026-09-27 15:22:29,146 | INFO     | sqlalchemy.engine.Engine | BEGIN (implicit)
2026-09-27 15:22:29,148 INFO sqlalchemy.engine.Engine DESCRIBE `parcel_box`.`parcels_whitelist`
2026-09-27 15:22:29,148 | INFO     | sqlalchemy.engine.Engine | DESCRIBE `parcel_box`.`parcels_whitelist`
2026-09-27 15:22:29,148 INFO sqlalchemy.engine.Engine [raw sql] ()
2026-09-27 15:22:29,148 | INFO     | sqlalchemy.engine.Engine | [raw sql] ()
2026-09-27 15:22:29,275 INFO sqlalchemy.engine.Engine DESCRIBE `parcel_box`.`access_logs`
2026-09-27 15:22:29,275 | INFO     | sqlalchemy.engine.Engine | DESCRIBE `parcel_box`.`access_logs`
2026-09-27 15:22:29,275 INFO sqlalchemy.engine.Engine [raw sql] ()
2026-09-27 15:22:29,275 | INFO     | sqlalchemy.engine.Engine | [raw sql] ()
2026-09-27 15:22:29,275 INFO sqlalchemy.engine.Engine COMMIT
2026-09-27 15:22:29,275 | INFO     | sqlalchemy.engine.Engine | COMMIT
2026-09-27 15:22:29,275 | INFO     | parcel_box.mqtt | MQTT bridge task started
2026-09-27 15:22:29,275 | INFO     | parcel_box | Startup complete
INFO:     Application startup complete.
INFO:     Uvicorn running on http://0.0.0.0:8000 (Press CTRL+C to quit)
2026-09-27 15:22:29,374 | INFO     | parcel_box.mqtt | MQTT connected to localhost:1883, subscribed to parcelbox/+/status / parcelbox/+/event
